==287030== Memcheck, a memory error detector
==287030== Copyright (C) 2002-2017, and GNU GPL'd, by Julian Seward et al.
==287030== Using Valgrind-3.18.1 and LibVEX; rerun with -h for copyright info
==287030== Command: ./minishell
==287030== Parent PID: 13982
==287030== 
==287039== 
==287039== FILE DESCRIPTORS: 8 open (3 std) at exit.
==287039== Open file descriptor 26: /dev/ptmx
==287039==    <inherited from parent>
==287039== 
==287039== Open file descriptor 24: /home/antuel/.vscode-server/data/logs/20250820T180506/remoteagent.log
==287039==    <inherited from parent>
==287039== 
==287039== Open file descriptor 23: /home/antuel/.vscode-server/data/logs/20250820T180506/remoteTelemetry.log
==287039==    <inherited from parent>
==287039== 
==287039== Open file descriptor 22: /home/antuel/.vscode-server/data/logs/20250820T180506/ptyhost.log
==287039==    <inherited from parent>
==287039== 
==287039== Open file descriptor 3: /home/antuel/minishell/valg2.log
==287039==    <inherited from parent>
==287039== 
==287039== 
==287039== HEAP SUMMARY:
==287039==     in use at exit: 208,201 bytes in 226 blocks
==287039==   total heap usage: 494 allocs, 268 frees, 239,372 bytes allocated
==287039== 
==287039== LEAK SUMMARY:
==287039==    definitely lost: 0 bytes in 0 blocks
==287039==    indirectly lost: 0 bytes in 0 blocks
==287039==      possibly lost: 0 bytes in 0 blocks
==287039==    still reachable: 0 bytes in 0 blocks
==287039==         suppressed: 208,201 bytes in 226 blocks
==287039== 
==287039== For lists of detected and suppressed errors, rerun with: -s
==287039== ERROR SUMMARY: 0 errors from 0 contexts (suppressed: 0 from 0)
==287040== 
==287040== FILE DESCRIPTORS: 8 open (3 std) at exit.
==287040== Open file descriptor 26: /dev/ptmx
==287040==    <inherited from parent>
==287040== 
==287040== Open file descriptor 24: /home/antuel/.vscode-server/data/logs/20250820T180506/remoteagent.log
==287040==    <inherited from parent>
==287040== 
==287040== Open file descriptor 23: /home/antuel/.vscode-server/data/logs/20250820T180506/remoteTelemetry.log
==287040==    <inherited from parent>
==287040== 
==287040== Open file descriptor 22: /home/antuel/.vscode-server/data/logs/20250820T180506/ptyhost.log
==287040==    <inherited from parent>
==287040== 
==287040== Open file descriptor 3: /home/antuel/minishell/valg2.log
==287040==    <inherited from parent>
==287040== 
==287040== 
==287040== HEAP SUMMARY:
==287040==     in use at exit: 212,516 bytes in 272 blocks
==287040==   total heap usage: 490 allocs, 218 frees, 239,328 bytes allocated
==287040== 
==287040== 2 bytes in 1 blocks are still reachable in loss record 1 of 73
==287040==    at 0x4848899: malloc (in /usr/libexec/valgrind/vgpreload_memcheck-amd64-linux.so)
==287040==    by 0x10FA7D: ft_strdup (in /home/antuel/minishell/minishell)
==287040==    by 0x1099F5: set_heredoc (redirections.c:85)
==287040==    by 0x109AF5: handle_redirection (redirections.c:106)
==287040==    by 0x10B61C: handle_redir_fail (fill_cmd_utils.c:99)
==287040==    by 0x10B260: handle_redir_and_advance (fill_cmd.c:36)
==287040==    by 0x10B344: fill_cmd_from_tokens (fill_cmd.c:58)
==287040==    by 0x10AF25: handle_new_cmd (cmd_builder_utils.c:35)
==287040==    by 0x10AFB6: process_command (cmd_builder_utils.c:56)
==287040==    by 0x10B12D: build_cmd_list_from_tokens (cmd_builder.c:56)
==287040==    by 0x10BA5C: parse_line (parse_line.c:54)
==287040==    by 0x10972D: main (main.c:72)
==287040== 
==287040== 8 bytes in 1 blocks are still reachable in loss record 6 of 73
==287040==    at 0x4848899: malloc (in /usr/libexec/valgrind/vgpreload_memcheck-amd64-linux.so)
==287040==    by 0x10B478: allocate_args_array (fill_cmd_utils.c:51)
==287040==    by 0x10B2BE: fill_cmd_from_tokens (fill_cmd.c:47)
==287040==    by 0x10AF25: handle_new_cmd (cmd_builder_utils.c:35)
==287040==    by 0x10AFB6: process_command (cmd_builder_utils.c:56)
==287040==    by 0x10B12D: build_cmd_list_from_tokens (cmd_builder.c:56)
==287040==    by 0x10BA5C: parse_line (parse_line.c:54)
==287040==    by 0x10972D: main (main.c:72)
==287040== 
==287040== 16 bytes in 1 blocks are still reachable in loss record 13 of 73
==287040==    at 0x4848899: malloc (in /usr/libexec/valgrind/vgpreload_memcheck-amd64-linux.so)
==287040==    by 0x109980: set_heredoc (redirections.c:80)
==287040==    by 0x109AF5: handle_redirection (redirections.c:106)
==287040==    by 0x10B61C: handle_redir_fail (fill_cmd_utils.c:99)
==287040==    by 0x10B260: handle_redir_and_advance (fill_cmd.c:36)
==287040==    by 0x10B344: fill_cmd_from_tokens (fill_cmd.c:58)
==287040==    by 0x10AF25: handle_new_cmd (cmd_builder_utils.c:35)
==287040==    by 0x10AFB6: process_command (cmd_builder_utils.c:56)
==287040==    by 0x10B12D: build_cmd_list_from_tokens (cmd_builder.c:56)
==287040==    by 0x10BA5C: parse_line (parse_line.c:54)
==287040==    by 0x10972D: main (main.c:72)
==287040== 
==287040== 72 bytes in 1 blocks are still reachable in loss record 23 of 73
==287040==    at 0x4848899: malloc (in /usr/libexec/valgrind/vgpreload_memcheck-amd64-linux.so)
==287040==    by 0x10B029: init_cmd (cmd_builder.c:21)
==287040==    by 0x10AEF1: handle_new_cmd (cmd_builder_utils.c:32)
==287040==    by 0x10AFB6: process_command (cmd_builder_utils.c:56)
==287040==    by 0x10B12D: build_cmd_list_from_tokens (cmd_builder.c:56)
==287040==    by 0x10BA5C: parse_line (parse_line.c:54)
==287040==    by 0x10972D: main (main.c:72)
==287040== 
==287040== 336 bytes in 1 blocks are still reachable in loss record 31 of 73
==287040==    at 0x4848899: malloc (in /usr/libexec/valgrind/vgpreload_memcheck-amd64-linux.so)
==287040==    by 0x10EA2A: copy_envp (mini_envp.c:50)
==287040==    by 0x1096B5: main (main.c:60)
==287040== 
==287040== 3,833 bytes in 41 blocks are still reachable in loss record 48 of 73
==287040==    at 0x4848899: malloc (in /usr/libexec/valgrind/vgpreload_memcheck-amd64-linux.so)
==287040==    by 0x10FA7D: ft_strdup (in /home/antuel/minishell/minishell)
==287040==    by 0x10EA74: copy_envp (mini_envp.c:55)
==287040==    by 0x1096B5: main (main.c:60)
==287040== 
==287040== LEAK SUMMARY:
==287040==    definitely lost: 0 bytes in 0 blocks
==287040==    indirectly lost: 0 bytes in 0 blocks
==287040==      possibly lost: 0 bytes in 0 blocks
==287040==    still reachable: 4,267 bytes in 46 blocks
==287040==         suppressed: 208,249 bytes in 226 blocks
==287040== 
==287040== For lists of detected and suppressed errors, rerun with: -s
==287040== ERROR SUMMARY: 0 errors from 0 contexts (suppressed: 0 from 0)
==287061== 
==287061== FILE DESCRIPTORS: 9 open (3 std) at exit.
==287061== Open file descriptor 5:
==287061==    at 0x49CB07D: pipe (pipe.c:29)
==287061==    by 0x10D564: execute_heredoc (heredoc.c:72)
==287061==    by 0x10D6D9: heredoc (heredoc.c:105)
==287061==    by 0x10E613: prepare_pipeline (execute_begin.c:24)
==287061==    by 0x10E8F5: execute_pipeline (execute_begin.c:103)
==287061==    by 0x1095F6: second_control (main.c:25)
==287061==    by 0x109744: main (main.c:73)
==287061== 
==287061== Open file descriptor 26: /dev/ptmx
==287061==    <inherited from parent>
==287061== 
==287061== Open file descriptor 24: /home/antuel/.vscode-server/data/logs/20250820T180506/remoteagent.log
==287061==    <inherited from parent>
==287061== 
==287061== Open file descriptor 23: /home/antuel/.vscode-server/data/logs/20250820T180506/remoteTelemetry.log
==287061==    <inherited from parent>
==287061== 
==287061== Open file descriptor 22: /home/antuel/.vscode-server/data/logs/20250820T180506/ptyhost.log
==287061==    <inherited from parent>
==287061== 
==287061== Open file descriptor 3: /home/antuel/minishell/valg2.log
==287061==    <inherited from parent>
==287061== 
==287061== 
==287061== HEAP SUMMARY:
==287061==     in use at exit: 212,508 bytes in 275 blocks
==287061==   total heap usage: 511 allocs, 236 frees, 239,659 bytes allocated
==287061== 
==287061== 2 bytes in 1 blocks are still reachable in loss record 1 of 73
==287061==    at 0x4848899: malloc (in /usr/libexec/valgrind/vgpreload_memcheck-amd64-linux.so)
==287061==    by 0x10FA7D: ft_strdup (in /home/antuel/minishell/minishell)
==287061==    by 0x1099F5: set_heredoc (redirections.c:85)
==287061==    by 0x109AF5: handle_redirection (redirections.c:106)
==287061==    by 0x10B61C: handle_redir_fail (fill_cmd_utils.c:99)
==287061==    by 0x10B260: handle_redir_and_advance (fill_cmd.c:36)
==287061==    by 0x10B344: fill_cmd_from_tokens (fill_cmd.c:58)
==287061==    by 0x10AF25: handle_new_cmd (cmd_builder_utils.c:35)
==287061==    by 0x10AFB6: process_command (cmd_builder_utils.c:56)
==287061==    by 0x10B12D: build_cmd_list_from_tokens (cmd_builder.c:56)
==287061==    by 0x10BA5C: parse_line (parse_line.c:54)
==287061==    by 0x10972D: main (main.c:72)
==287061== 
==287061== 8 bytes in 1 blocks are still reachable in loss record 6 of 73
==287061==    at 0x4848899: malloc (in /usr/libexec/valgrind/vgpreload_memcheck-amd64-linux.so)
==287061==    by 0x10B478: allocate_args_array (fill_cmd_utils.c:51)
==287061==    by 0x10B2BE: fill_cmd_from_tokens (fill_cmd.c:47)
==287061==    by 0x10AF25: handle_new_cmd (cmd_builder_utils.c:35)
==287061==    by 0x10AFB6: process_command (cmd_builder_utils.c:56)
==287061==    by 0x10B12D: build_cmd_list_from_tokens (cmd_builder.c:56)
==287061==    by 0x10BA5C: parse_line (parse_line.c:54)
==287061==    by 0x10972D: main (main.c:72)
==287061== 
==287061== 16 bytes in 1 blocks are still reachable in loss record 14 of 73
==287061==    at 0x4848899: malloc (in /usr/libexec/valgrind/vgpreload_memcheck-amd64-linux.so)
==287061==    by 0x109980: set_heredoc (redirections.c:80)
==287061==    by 0x109AF5: handle_redirection (redirections.c:106)
==287061==    by 0x10B61C: handle_redir_fail (fill_cmd_utils.c:99)
==287061==    by 0x10B260: handle_redir_and_advance (fill_cmd.c:36)
==287061==    by 0x10B344: fill_cmd_from_tokens (fill_cmd.c:58)
==287061==    by 0x10AF25: handle_new_cmd (cmd_builder_utils.c:35)
==287061==    by 0x10AFB6: process_command (cmd_builder_utils.c:56)
==287061==    by 0x10B12D: build_cmd_list_from_tokens (cmd_builder.c:56)
==287061==    by 0x10BA5C: parse_line (parse_line.c:54)
==287061==    by 0x10972D: main (main.c:72)
==287061== 
==287061== 72 bytes in 1 blocks are still reachable in loss record 23 of 73
==287061==    at 0x4848899: malloc (in /usr/libexec/valgrind/vgpreload_memcheck-amd64-linux.so)
==287061==    by 0x10B029: init_cmd (cmd_builder.c:21)
==287061==    by 0x10AEF1: handle_new_cmd (cmd_builder_utils.c:32)
==287061==    by 0x10AFB6: process_command (cmd_builder_utils.c:56)
==287061==    by 0x10B12D: build_cmd_list_from_tokens (cmd_builder.c:56)
==287061==    by 0x10BA5C: parse_line (parse_line.c:54)
==287061==    by 0x10972D: main (main.c:72)
==287061== 
==287061== 336 bytes in 1 blocks are still reachable in loss record 31 of 73
==287061==    at 0x4848899: malloc (in /usr/libexec/valgrind/vgpreload_memcheck-amd64-linux.so)
==287061==    by 0x10EA2A: copy_envp (mini_envp.c:50)
==287061==    by 0x1096B5: main (main.c:60)
==287061== 
==287061== 3,833 bytes in 41 blocks are still reachable in loss record 48 of 73
==287061==    at 0x4848899: malloc (in /usr/libexec/valgrind/vgpreload_memcheck-amd64-linux.so)
==287061==    by 0x10FA7D: ft_strdup (in /home/antuel/minishell/minishell)
==287061==    by 0x10EA74: copy_envp (mini_envp.c:55)
==287061==    by 0x1096B5: main (main.c:60)
==287061== 
==287061== LEAK SUMMARY:
==287061==    definitely lost: 0 bytes in 0 blocks
==287061==    indirectly lost: 0 bytes in 0 blocks
==287061==      possibly lost: 0 bytes in 0 blocks
==287061==    still reachable: 4,267 bytes in 46 blocks
==287061==         suppressed: 208,241 bytes in 229 blocks
==287061== 
==287061== For lists of detected and suppressed errors, rerun with: -s
==287061== ERROR SUMMARY: 0 errors from 0 contexts (suppressed: 0 from 0)
==287107== 
==287107== FILE DESCRIPTORS: 8 open (3 std) at exit.
==287107== Open file descriptor 26: /dev/ptmx
==287107==    <inherited from parent>
==287107== 
==287107== Open file descriptor 24: /home/antuel/.vscode-server/data/logs/20250820T180506/remoteagent.log
==287107==    <inherited from parent>
==287107== 
==287107== Open file descriptor 23: /home/antuel/.vscode-server/data/logs/20250820T180506/remoteTelemetry.log
==287107==    <inherited from parent>
==287107== 
==287107== Open file descriptor 22: /home/antuel/.vscode-server/data/logs/20250820T180506/ptyhost.log
==287107==    <inherited from parent>
==287107== 
==287107== Open file descriptor 3: /home/antuel/minishell/valg2.log
==287107==    <inherited from parent>
==287107== 
==287107== 
==287107== HEAP SUMMARY:
==287107==     in use at exit: 208,281 bytes in 232 blocks
==287107==   total heap usage: 529 allocs, 297 frees, 239,976 bytes allocated
==287107== 
==287107== LEAK SUMMARY:
==287107==    definitely lost: 0 bytes in 0 blocks
==287107==    indirectly lost: 0 bytes in 0 blocks
==287107==      possibly lost: 0 bytes in 0 blocks
==287107==    still reachable: 0 bytes in 0 blocks
==287107==         suppressed: 208,281 bytes in 232 blocks
==287107== 
==287107== For lists of detected and suppressed errors, rerun with: -s
==287107== ERROR SUMMARY: 0 errors from 0 contexts (suppressed: 0 from 0)
==287112== 
==287112== FILE DESCRIPTORS: 8 open (3 std) at exit.
==287112== Open file descriptor 26: /dev/ptmx
==287112==    <inherited from parent>
==287112== 
==287112== Open file descriptor 24: /home/antuel/.vscode-server/data/logs/20250820T180506/remoteagent.log
==287112==    <inherited from parent>
==287112== 
==287112== Open file descriptor 23: /home/antuel/.vscode-server/data/logs/20250820T180506/remoteTelemetry.log
==287112==    <inherited from parent>
==287112== 
==287112== Open file descriptor 22: /home/antuel/.vscode-server/data/logs/20250820T180506/ptyhost.log
==287112==    <inherited from parent>
==287112== 
==287112== Open file descriptor 3: /home/antuel/minishell/valg2.log
==287112==    <inherited from parent>
==287112== 
==287112== 
==287112== HEAP SUMMARY:
==287112==     in use at exit: 212,621 bytes in 280 blocks
==287112==   total heap usage: 527 allocs, 247 frees, 239,966 bytes allocated
==287112== 
==287112== 2 bytes in 1 blocks are still reachable in loss record 2 of 75
==287112==    at 0x4848899: malloc (in /usr/libexec/valgrind/vgpreload_memcheck-amd64-linux.so)
==287112==    by 0x10FA7D: ft_strdup (in /home/antuel/minishell/minishell)
==287112==    by 0x1099F5: set_heredoc (redirections.c:85)
==287112==    by 0x109AF5: handle_redirection (redirections.c:106)
==287112==    by 0x10B61C: handle_redir_fail (fill_cmd_utils.c:99)
==287112==    by 0x10B260: handle_redir_and_advance (fill_cmd.c:36)
==287112==    by 0x10B344: fill_cmd_from_tokens (fill_cmd.c:58)
==287112==    by 0x10AF25: handle_new_cmd (cmd_builder_utils.c:35)
==287112==    by 0x10AFB6: process_command (cmd_builder_utils.c:56)
==287112==    by 0x10B12D: build_cmd_list_from_tokens (cmd_builder.c:56)
==287112==    by 0x10BA5C: parse_line (parse_line.c:54)
==287112==    by 0x10972D: main (main.c:72)
==287112== 
==287112== 8 bytes in 1 blocks are still reachable in loss record 5 of 75
==287112==    at 0x4848899: malloc (in /usr/libexec/valgrind/vgpreload_memcheck-amd64-linux.so)
==287112==    by 0x10B478: allocate_args_array (fill_cmd_utils.c:51)
==287112==    by 0x10B2BE: fill_cmd_from_tokens (fill_cmd.c:47)
==287112==    by 0x10AF25: handle_new_cmd (cmd_builder_utils.c:35)
==287112==    by 0x10AFB6: process_command (cmd_builder_utils.c:56)
==287112==    by 0x10B12D: build_cmd_list_from_tokens (cmd_builder.c:56)
==287112==    by 0x10BA5C: parse_line (parse_line.c:54)
==287112==    by 0x10972D: main (main.c:72)
==287112== 
==287112== 16 bytes in 1 blocks are still reachable in loss record 13 of 75
==287112==    at 0x4848899: malloc (in /usr/libexec/valgrind/vgpreload_memcheck-amd64-linux.so)
==287112==    by 0x109980: set_heredoc (redirections.c:80)
==287112==    by 0x109AF5: handle_redirection (redirections.c:106)
==287112==    by 0x10B61C: handle_redir_fail (fill_cmd_utils.c:99)
==287112==    by 0x10B260: handle_redir_and_advance (fill_cmd.c:36)
==287112==    by 0x10B344: fill_cmd_from_tokens (fill_cmd.c:58)
==287112==    by 0x10AF25: handle_new_cmd (cmd_builder_utils.c:35)
==287112==    by 0x10AFB6: process_command (cmd_builder_utils.c:56)
==287112==    by 0x10B12D: build_cmd_list_from_tokens (cmd_builder.c:56)
==287112==    by 0x10BA5C: parse_line (parse_line.c:54)
==287112==    by 0x10972D: main (main.c:72)
==287112== 
==287112== 72 bytes in 1 blocks are still reachable in loss record 24 of 75
==287112==    at 0x4848899: malloc (in /usr/libexec/valgrind/vgpreload_memcheck-amd64-linux.so)
==287112==    by 0x10B029: init_cmd (cmd_builder.c:21)
==287112==    by 0x10AEF1: handle_new_cmd (cmd_builder_utils.c:32)
==287112==    by 0x10AFB6: process_command (cmd_builder_utils.c:56)
==287112==    by 0x10B12D: build_cmd_list_from_tokens (cmd_builder.c:56)
==287112==    by 0x10BA5C: parse_line (parse_line.c:54)
==287112==    by 0x10972D: main (main.c:72)
==287112== 
==287112== 336 bytes in 1 blocks are still reachable in loss record 33 of 75
==287112==    at 0x4848899: malloc (in /usr/libexec/valgrind/vgpreload_memcheck-amd64-linux.so)
==287112==    by 0x10EA2A: copy_envp (mini_envp.c:50)
==287112==    by 0x1096B5: main (main.c:60)
==287112== 
==287112== 3,833 bytes in 41 blocks are still reachable in loss record 50 of 75
==287112==    at 0x4848899: malloc (in /usr/libexec/valgrind/vgpreload_memcheck-amd64-linux.so)
==287112==    by 0x10FA7D: ft_strdup (in /home/antuel/minishell/minishell)
==287112==    by 0x10EA74: copy_envp (mini_envp.c:55)
==287112==    by 0x1096B5: main (main.c:60)
==287112== 
==287112== LEAK SUMMARY:
==287112==    definitely lost: 0 bytes in 0 blocks
==287112==    indirectly lost: 0 bytes in 0 blocks
==287112==      possibly lost: 0 bytes in 0 blocks
==287112==    still reachable: 4,267 bytes in 46 blocks
==287112==         suppressed: 208,354 bytes in 234 blocks
==287112== 
==287112== For lists of detected and suppressed errors, rerun with: -s
==287112== ERROR SUMMARY: 0 errors from 0 contexts (suppressed: 0 from 0)
==287030== 
==287030== FILE DESCRIPTORS: 8 open (3 std) at exit.
==287030== Open file descriptor 26: /dev/ptmx
==287030==    <inherited from parent>
==287030== 
==287030== Open file descriptor 24: /home/antuel/.vscode-server/data/logs/20250820T180506/remoteagent.log
==287030==    <inherited from parent>
==287030== 
==287030== Open file descriptor 23: /home/antuel/.vscode-server/data/logs/20250820T180506/remoteTelemetry.log
==287030==    <inherited from parent>
==287030== 
==287030== Open file descriptor 22: /home/antuel/.vscode-server/data/logs/20250820T180506/ptyhost.log
==287030==    <inherited from parent>
==287030== 
==287030== Open file descriptor 3: /home/antuel/minishell/valg2.log
==287030==    <inherited from parent>
==287030== 
==287030== 
==287030== HEAP SUMMARY:
==287030==     in use at exit: 212,633 bytes in 280 blocks
==287030==   total heap usage: 540 allocs, 260 frees, 240,244 bytes allocated
==287030== 
==287030== 5 bytes in 1 blocks are still reachable in loss record 2 of 72
==287030==    at 0x4848899: malloc (in /usr/libexec/valgrind/vgpreload_memcheck-amd64-linux.so)
==287030==    by 0x495E58E: strdup (strdup.c:42)
==287030==    by 0x10B55D: copy_argument (fill_cmd_utils.c:76)
==287030==    by 0x10B1FB: process_word (fill_cmd.c:26)
==287030==    by 0x10B316: fill_cmd_from_tokens (fill_cmd.c:56)
==287030==    by 0x10AF25: handle_new_cmd (cmd_builder_utils.c:35)
==287030==    by 0x10AFB6: process_command (cmd_builder_utils.c:56)
==287030==    by 0x10B12D: build_cmd_list_from_tokens (cmd_builder.c:56)
==287030==    by 0x10BA5C: parse_line (parse_line.c:54)
==287030==    by 0x10972D: main (main.c:72)
==287030== 
==287030== 16 bytes in 1 blocks are still reachable in loss record 10 of 72
==287030==    at 0x4848899: malloc (in /usr/libexec/valgrind/vgpreload_memcheck-amd64-linux.so)
==287030==    by 0x10B478: allocate_args_array (fill_cmd_utils.c:51)
==287030==    by 0x10B2BE: fill_cmd_from_tokens (fill_cmd.c:47)
==287030==    by 0x10AF25: handle_new_cmd (cmd_builder_utils.c:35)
==287030==    by 0x10AFB6: process_command (cmd_builder_utils.c:56)
==287030==    by 0x10B12D: build_cmd_list_from_tokens (cmd_builder.c:56)
==287030==    by 0x10BA5C: parse_line (parse_line.c:54)
==287030==    by 0x10972D: main (main.c:72)
==287030== 
==287030== 72 bytes in 1 blocks are still reachable in loss record 21 of 72
==287030==    at 0x4848899: malloc (in /usr/libexec/valgrind/vgpreload_memcheck-amd64-linux.so)
==287030==    by 0x10B029: init_cmd (cmd_builder.c:21)
==287030==    by 0x10AEF1: handle_new_cmd (cmd_builder_utils.c:32)
==287030==    by 0x10AFB6: process_command (cmd_builder_utils.c:56)
==287030==    by 0x10B12D: build_cmd_list_from_tokens (cmd_builder.c:56)
==287030==    by 0x10BA5C: parse_line (parse_line.c:54)
==287030==    by 0x10972D: main (main.c:72)
==287030== 
==287030== 336 bytes in 1 blocks are still reachable in loss record 30 of 72
==287030==    at 0x4848899: malloc (in /usr/libexec/valgrind/vgpreload_memcheck-amd64-linux.so)
==287030==    by 0x10EA2A: copy_envp (mini_envp.c:50)
==287030==    by 0x1096B5: main (main.c:60)
==287030== 
==287030== 3,833 bytes in 41 blocks are still reachable in loss record 47 of 72
==287030==    at 0x4848899: malloc (in /usr/libexec/valgrind/vgpreload_memcheck-amd64-linux.so)
==287030==    by 0x10FA7D: ft_strdup (in /home/antuel/minishell/minishell)
==287030==    by 0x10EA74: copy_envp (mini_envp.c:55)
==287030==    by 0x1096B5: main (main.c:60)
==287030== 
==287030== LEAK SUMMARY:
==287030==    definitely lost: 0 bytes in 0 blocks
==287030==    indirectly lost: 0 bytes in 0 blocks
==287030==      possibly lost: 0 bytes in 0 blocks
==287030==    still reachable: 4,262 bytes in 45 blocks
==287030==         suppressed: 208,371 bytes in 235 blocks
==287030== 
==287030== For lists of detected and suppressed errors, rerun with: -s
==287030== ERROR SUMMARY: 0 errors from 0 contexts (suppressed: 0 from 0)
