==77644== Memcheck, a memory error detector
==77644== Copyright (C) 2002-2017, and GNU GPL'd, by Julian Seward et al.
==77644== Using Valgrind-3.18.1 and LibVEX; rerun with -h for copyright info
==77644== Command: ./minishell
==77644== Parent PID: 42102
==77644== 
==77693== 
==77693== FILE DESCRIPTORS: 8 open (3 std) at exit.
==77693== Open file descriptor 25: /dev/ptmx
==77693==    <inherited from parent>
==77693== 
==77693== Open file descriptor 24: /home/antuel/.vscode-server/data/logs/20250820T180506/remoteagent.log
==77693==    <inherited from parent>
==77693== 
==77693== Open file descriptor 23: /home/antuel/.vscode-server/data/logs/20250820T180506/remoteTelemetry.log
==77693==    <inherited from parent>
==77693== 
==77693== Open file descriptor 22: /home/antuel/.vscode-server/data/logs/20250820T180506/ptyhost.log
==77693==    <inherited from parent>
==77693== 
==77693== Open file descriptor 3: /home/antuel/minishell/valg.log
==77693==    <inherited from parent>
==77693== 
==77693== 
==77693== HEAP SUMMARY:
==77693==     in use at exit: 208,203 bytes in 226 blocks
==77693==   total heap usage: 512 allocs, 286 frees, 239,583 bytes allocated
==77693== 
==77693== 5 bytes in 1 blocks are still reachable in loss record 3 of 67
==77693==    at 0x4848899: malloc (in /usr/libexec/valgrind/vgpreload_memcheck-amd64-linux.so)
==77693==    by 0x10B258: strjoin_and_free (syntax_checker_utils.c:60)
==77693==    by 0x10A9E6: read_full_input (main_utils.c:35)
==77693==    by 0x10A854: main_loop (main.c:84)
==77693==    by 0x10A92B: main (main.c:108)
==77693== 
==77693== LEAK SUMMARY:
==77693==    definitely lost: 0 bytes in 0 blocks
==77693==    indirectly lost: 0 bytes in 0 blocks
==77693==      possibly lost: 0 bytes in 0 blocks
==77693==    still reachable: 5 bytes in 1 blocks
==77693==         suppressed: 208,198 bytes in 225 blocks
==77693== 
==77693== For lists of detected and suppressed errors, rerun with: -s
==77693== ERROR SUMMARY: 0 errors from 0 contexts (suppressed: 0 from 0)
==77694== 
==77694== FILE DESCRIPTORS: 8 open (3 std) at exit.
==77694== Open file descriptor 25: /dev/ptmx
==77694==    <inherited from parent>
==77694== 
==77694== Open file descriptor 24: /home/antuel/.vscode-server/data/logs/20250820T180506/remoteagent.log
==77694==    <inherited from parent>
==77694== 
==77694== Open file descriptor 23: /home/antuel/.vscode-server/data/logs/20250820T180506/remoteTelemetry.log
==77694==    <inherited from parent>
==77694== 
==77694== Open file descriptor 22: /home/antuel/.vscode-server/data/logs/20250820T180506/ptyhost.log
==77694==    <inherited from parent>
==77694== 
==77694== Open file descriptor 3: /home/antuel/minishell/valg.log
==77694==    <inherited from parent>
==77694== 
==77694== 
==77694== HEAP SUMMARY:
==77694==     in use at exit: 208,203 bytes in 226 blocks
==77694==   total heap usage: 597 allocs, 371 frees, 244,043 bytes allocated
==77694== 
==77694== 5 bytes in 1 blocks are still reachable in loss record 3 of 67
==77694==    at 0x4848899: malloc (in /usr/libexec/valgrind/vgpreload_memcheck-amd64-linux.so)
==77694==    by 0x10B258: strjoin_and_free (syntax_checker_utils.c:60)
==77694==    by 0x10A9E6: read_full_input (main_utils.c:35)
==77694==    by 0x10A854: main_loop (main.c:84)
==77694==    by 0x10A92B: main (main.c:108)
==77694== 
==77694== LEAK SUMMARY:
==77694==    definitely lost: 0 bytes in 0 blocks
==77694==    indirectly lost: 0 bytes in 0 blocks
==77694==      possibly lost: 0 bytes in 0 blocks
==77694==    still reachable: 5 bytes in 1 blocks
==77694==         suppressed: 208,198 bytes in 225 blocks
==77694== 
==77694== For lists of detected and suppressed errors, rerun with: -s
==77694== ERROR SUMMARY: 0 errors from 0 contexts (suppressed: 0 from 0)
==77644== 
==77644== FILE DESCRIPTORS: 8 open (3 std) at exit.
==77644== Open file descriptor 25: /dev/ptmx
==77644==    <inherited from parent>
==77644== 
==77644== Open file descriptor 24: /home/antuel/.vscode-server/data/logs/20250820T180506/remoteagent.log
==77644==    <inherited from parent>
==77644== 
==77644== Open file descriptor 23: /home/antuel/.vscode-server/data/logs/20250820T180506/remoteTelemetry.log
==77644==    <inherited from parent>
==77644== 
==77644== Open file descriptor 22: /home/antuel/.vscode-server/data/logs/20250820T180506/ptyhost.log
==77644==    <inherited from parent>
==77644== 
==77644== Open file descriptor 3: /home/antuel/minishell/valg.log
==77644==    <inherited from parent>
==77644== 
==77644== 
==77644== HEAP SUMMARY:
==77644==     in use at exit: 208,205 bytes in 222 blocks
==77644==   total heap usage: 529 allocs, 307 frees, 239,942 bytes allocated
==77644== 
==77644== LEAK SUMMARY:
==77644==    definitely lost: 0 bytes in 0 blocks
==77644==    indirectly lost: 0 bytes in 0 blocks
==77644==      possibly lost: 0 bytes in 0 blocks
==77644==    still reachable: 0 bytes in 0 blocks
==77644==         suppressed: 208,205 bytes in 222 blocks
==77644== 
==77644== For lists of detected and suppressed errors, rerun with: -s
==77644== ERROR SUMMARY: 0 errors from 0 contexts (suppressed: 0 from 0)
